
╔════════════════════════════════════════════════════════╗
║ AUTONOMOUS OPERATIONS ORCHESTRATION STARTING
╚════════════════════════════════════════════════════════╝
[2026-04-24 18:31:36] Orchestration ID: ops-1777069896
[2026-04-24 18:31:36] Start Time: Fri Apr 24 18:31:36 EDT 2026

╔════════════════════════════════════════════════════════╗
║ PHASE 1: Infrastructure Hardening
╚════════════════════════════════════════════════════════╝
[2026-04-24 18:31:36] Executing infrastructure hardening...
✅ Phase 1 complete

╔════════════════════════════════════════════════════════╗
║ PHASE 2: Drift Detection & Remediation
╚════════════════════════════════════════════════════════╝
[2026-04-24 18:31:36] Executing drift detection...
✅ Phase 2 complete

╔════════════════════════════════════════════════════════╗
║ PHASE 3: Disaster Recovery Drills
╚════════════════════════════════════════════════════════╝
[2026-04-24 18:31:36] Executing DR drills (DRY-RUN mode)...
✅ Phase 3 complete

╔════════════════════════════════════════════════════════╗
║ PHASE 4: Compliance Validation
╚════════════════════════════════════════════════════════╝
[2026-04-24 18:31:37] Executing compliance validation...
