[0;32m[2026-04-24 18:31:36][0m ╔════════════════════════════════════════════════════════╗
[0;32m[2026-04-24 18:31:36][0m ║  Infrastructure Hardening Phase - Tier 1 Critical     ║
[0;32m[2026-04-24 18:31:36][0m ║  2026-04-24 18:31:36                                       ║
[0;32m[2026-04-24 18:31:36][0m ╚════════════════════════════════════════════════════════╝

[0;34m╔════════════════════════════════════════════════════════╗[0m
[0;34m║[0m FIX 1: Terraform Provider Declaration
[0;34m╚════════════════════════════════════════════════════════╝[0m
[0;32m✅ Already applied - skipping[0m

[0;34m╔════════════════════════════════════════════════════════╗[0m
[0;34m║[0m FIX 2: Resource Limits Enforcement
[0;34m╚════════════════════════════════════════════════════════╝[0m
[0;32m✅ Already applied - skipping[0m

[0;34m╔════════════════════════════════════════════════════════╗[0m
[0;34m║[0m FIX 3: Idempotency Enforcement
[0;34m╚════════════════════════════════════════════════════════╝[0m
[0;32m[2026-04-24 18:31:36][0m Creating idempotent operation templates...
[0;32m[2026-04-24 18:31:36][0m Running idempotency-enforcer.sh...
[2026-04-24 18:31:36] ==========================================
[2026-04-24 18:31:36] Idempotency Enforcement
[2026-04-24 18:31:36] ==========================================
[2026-04-24 18:31:36] State directory initialized: ./state
[2026-04-24 18:31:36] Created idempotent deployment script
[2026-04-24 18:31:36] Created idempotent rollback script
[2026-04-24 18:31:36] Created idempotent backup script
[2026-04-24 18:31:36] Created idempotent health check script
[2026-04-24 18:31:36] ==========================================
[2026-04-24 18:31:36] Idempotency enforcement complete
[2026-04-24 18:31:36] Created scripts:
[2026-04-24 18:31:36]   - deploy-idempotent.sh
[2026-04-24 18:31:36]   - rollback-idempotent.sh
[2026-04-24 18:31:36]   - backup-idempotent.sh
[2026-04-24 18:31:36]   - health-check-idempotent.sh
[2026-04-24 18:31:36] ==========================================
