[2026-04-24T19:57:58Z] [INFO] GitOps drift detection started: --check
[2026-04-24T19:57:58Z] [INFO] Checking Docker Compose drift...
[2026-04-24T19:57:58Z] [INFO] Checking Terraform drift...
[2026-04-24T19:57:58Z] [INFO] Checking Caddy configuration drift...
[2026-04-24T19:57:59Z] [WARN] Caddy not available, skipping Caddy drift check
[2026-04-24T20:12:45Z] [INFO] GitOps drift detection started: --check
[2026-04-24T20:12:45Z] [INFO] Checking Docker Compose drift...
[2026-04-24T20:12:45Z] [INFO] Checking Terraform drift...
[2026-04-24T20:12:45Z] [INFO] Checking Caddy configuration drift...
[2026-04-24T20:12:45Z] [WARN] Caddy not available, skipping Caddy drift check
[2026-04-24T20:15:27Z] [INFO] GitOps drift detection started: --check
[2026-04-24T20:15:27Z] [INFO] Checking Docker Compose drift...
[2026-04-24T20:15:28Z] [INFO] Checking Terraform drift...
[2026-04-24T20:15:28Z] [INFO] Checking Caddy configuration drift...
[2026-04-24T20:15:28Z] [WARN] Caddy not available, skipping Caddy drift check
[2026-04-24T20:20:39Z] [INFO] GitOps drift detection started: --check
[2026-04-24T20:20:39Z] [INFO] Checking Docker Compose drift...
[2026-04-24T20:20:39Z] [INFO] Checking Terraform drift...
[2026-04-24T20:20:39Z] [INFO] Checking Caddy configuration drift...
[2026-04-24T20:20:39Z] [WARN] Caddy not available, skipping Caddy drift check
[2026-04-24T20:22:31Z] [INFO] GitOps drift detection started: --check
[2026-04-24T20:22:31Z] [INFO] Checking Docker Compose drift...
[2026-04-24T20:22:32Z] [INFO] Checking Terraform drift...
[2026-04-24T20:22:32Z] [INFO] Checking Caddy configuration drift...
[2026-04-24T20:22:32Z] [WARN] Caddy not available, skipping Caddy drift check
[2026-04-24T20:24:42Z] [INFO] GitOps drift detection started: --check
[2026-04-24T20:24:42Z] [INFO] Checking Docker Compose drift...
[2026-04-24T20:24:42Z] [INFO] Checking Terraform drift...
[2026-04-24T20:24:42Z] [INFO] Checking Caddy configuration drift...
[2026-04-24T20:24:43Z] [WARN] Caddy not available, skipping Caddy drift check
[2026-04-24T20:32:44Z] [INFO] GitOps drift detection started: --check
[2026-04-24T20:32:44Z] [INFO] Checking Docker Compose drift...
[2026-04-24T20:32:44Z] [INFO] Checking Terraform drift...
[2026-04-24T20:32:44Z] [INFO] Checking Caddy configuration drift...
[2026-04-24T20:32:44Z] [WARN] Caddy not available, skipping Caddy drift check
[2026-04-24T20:37:15Z] [INFO] GitOps drift detection started: --check
[2026-04-24T20:37:15Z] [INFO] Checking Docker Compose drift...
[2026-04-24T20:37:15Z] [INFO] Checking Terraform drift...
[2026-04-24T20:37:15Z] [INFO] Checking Caddy configuration drift...
[2026-04-24T20:37:15Z] [WARN] Caddy not available, skipping Caddy drift check
[2026-04-24T20:38:31Z] [INFO] GitOps drift detection started: --check
[2026-04-24T20:38:31Z] [INFO] Checking Docker Compose drift...
[2026-04-24T20:38:31Z] [INFO] Checking Terraform drift...
[2026-04-24T20:38:31Z] [INFO] Checking Caddy configuration drift...
[2026-04-24T20:38:31Z] [WARN] Caddy not available, skipping Caddy drift check
[2026-04-24T20:40:59Z] [INFO] GitOps drift detection started: --check
[2026-04-24T20:40:59Z] [INFO] Checking Docker Compose drift...
[2026-04-24T20:40:59Z] [INFO] Checking Terraform drift...
[2026-04-24T20:40:59Z] [INFO] Checking Caddy configuration drift...
[2026-04-24T20:40:59Z] [WARN] Caddy not available, skipping Caddy drift check
[2026-04-24T22:10:43Z] [INFO] GitOps drift detection started: --check
[2026-04-24T22:10:43Z] [INFO] Checking Docker Compose drift...
[2026-04-24T22:10:43Z] [INFO] Checking Terraform drift...
[2026-04-24T22:10:44Z] [INFO] Checking Caddy configuration drift...
[2026-04-24T22:10:44Z] [WARN] Caddy not available, skipping Caddy drift check
