[2026-04-24T19:58:13.407940Z] [INFO] Validating env.yaml schema...
[2026-04-24T19:58:13.411629Z] [INFO] Configuration validation passed
[2026-04-24T19:58:13.657455Z] [INFO] Validating env.yaml schema...
[2026-04-24T19:58:13.660832Z] [INFO] Configuration validation passed
[2026-04-24T19:58:35.617241Z] [INFO] Computing diff between /tmp/tmpdtnb9lpk/env-a.yaml and /tmp/tmpdtnb9lpk/env-b.yaml...
[2026-04-24T19:58:35.622244Z] [INFO] Diff complete: 1 service changes
[2026-04-24T19:58:35.639283Z] [INFO] Validating env.yaml schema...
[2026-04-24T19:58:35.645230Z] [INFO] Configuration validation passed
[2026-04-24T19:58:35.661354Z] [INFO] Validating env.yaml schema...
[2026-04-24T19:58:35.668380Z] [ERROR] Service postgres must use a digest-pinned image (got: postgres:16)
[2026-04-24T23:31:18.497908Z] [INFO] Computing diff between /tmp/tmpm3w3as3n/env-a.yaml and /tmp/tmpm3w3as3n/env-b.yaml...
[2026-04-24T23:31:18.501622Z] [INFO] Diff complete: 1 service changes
[2026-04-24T23:31:18.517767Z] [INFO] Computing diff between /tmp/tmp3mownhkb/env-a.yaml and /tmp/tmp3mownhkb/env-b.yaml...
[2026-04-24T23:31:18.521393Z] [INFO] Diff complete: 1 service changes
[2026-04-24T23:31:18.536495Z] [INFO] Computing diff between /tmp/tmpidbb4az1/env-a.yaml and /tmp/tmpidbb4az1/env-b.yaml...
[2026-04-24T23:31:18.541615Z] [INFO] Diff complete: 0 service changes
[2026-04-24T23:31:18.557302Z] [INFO] Generating docker-compose.override.yml...
[2026-04-24T23:31:18.559735Z] [INFO] Docker Compose override generated: /tmp/tmp4ivsi_8u/docker-compose.override.yml
[2026-04-24T23:31:18.598022Z] [INFO] Provisioning environment: mode=local
[2026-04-24T23:31:18.600852Z] [INFO] Validating env.yaml schema...
[2026-04-24T23:31:18.615099Z] [INFO] Configuration validation passed
[2026-04-24T23:31:18.619051Z] [INFO] Generating docker-compose.override.yml...
[2026-04-24T23:31:18.629652Z] [INFO] Docker Compose override generated: /tmp/tmpy7mzsi17/docker-compose.override.yml
[2026-04-24T23:31:18.636710Z] [INFO] Starting Docker Compose services...
[2026-04-24T23:31:18.645577Z] [ERROR] Docker Compose startup failed: Error: docker daemon not running
[2026-04-24T23:31:18.664712Z] [INFO] Provisioning environment: mode=local
[2026-04-24T23:31:18.666802Z] [INFO] Validating env.yaml schema...
[2026-04-24T23:31:18.680818Z] [ERROR] Schema validation failed at services/0/image: 'postgres:16' does not match '^[a-zA-Z0-9./_-]+:[a-zA-Z0-9._-]+@sha256:[a-f0-9]{64}$'
[2026-04-24T23:31:18.696473Z] [INFO] Provisioning environment: mode=local
[2026-04-24T23:31:18.699146Z] [INFO] Validating env.yaml schema...
[2026-04-24T23:31:18.713124Z] [INFO] Configuration validation passed
[2026-04-24T23:31:18.718182Z] [INFO] Generating docker-compose.override.yml...
[2026-04-24T23:31:18.728497Z] [INFO] Docker Compose override generated: /tmp/tmpfi_s2x6c/docker-compose.override.yml
[2026-04-24T23:31:18.736102Z] [INFO] Starting Docker Compose services...
[2026-04-24T23:31:18.744766Z] [INFO] Environment provisioned successfully
[2026-04-24T23:31:18.764201Z] [INFO] Validating env.yaml schema...
[2026-04-24T23:31:18.770639Z] [INFO] Configuration validation passed
[2026-04-24T23:31:18.785268Z] [INFO] Validating env.yaml schema...
[2026-04-24T23:31:18.791194Z] [ERROR] Schema validation failed at services/0/image: 'postgres:16' does not match '^[a-zA-Z0-9./_-]+:[a-zA-Z0-9._-]+@sha256:[a-f0-9]{64}$'
